[wfgtitle.com/pleasanton-branch/index.html]
[cdn.cookielaw.org/scripttemplates/otSDKStub.js]
[backblue.gif]
[fade.gif]
[index.html]
[wfgtitle.com/wp-includes/js/jquery/jquery.minaf6c.js]
[wfgtitle.com/wp-content/cache/autoptimize/css/autoptimize_322e08d8fcaf76231d0747a2dd2e232f.css]
[wfgtitle.com/wp-content/uploads/2020/09/cropped-FAvicon_512-1-32x32.png]
[wfgtitle.com/wp-content/uploads/2020/09/cropped-FAvicon_512-1-192x192.png]
[wfgtitle.com/wp-content/uploads/2020/09/cropped-FAvicon_512-1-180x180.png]
[connect.facebook.net/en_US/fbevents.js]
[wfgtitle.com/wp-content/uploads/2020/10/State-CA-north-head-art-3.png]
[wfgtitle.com/wp-content/uploads/2020/08/icon-rate-blue.png]
[wfgtitle.com/wp-content/uploads/2021/08/MyHome-MTD-web-icon-blue-cropped.png]
[wfgtitle.com/wp-content/uploads/2020/08/Icon-fetch-blue.png]
[wfgtitle.com/wp-content/uploads/2020/08/icon-updater-blue.png]
[wfgtitle.com/wp-content/uploads/2020/08/icon-customer-blue.png]
[wfgtitle.com/wp-content/uploads/2021/07/Printer-Icon.png]
[wfgtitle.com/wp-content/uploads/2020/08/icon-myhome-dash-blue.png]
[wfgtitle.com/wp-content/uploads/2020/08/icon-myhome2-blue.png]
[wfgtitle.com/wp-content/uploads/2020/08/icon-assessor@2x.png]
[wfgtitle.com/wp-content/uploads/2020/08/Icon-documents-blue.png]
[wfgtitle.com/wp-content/uploads/2020/11/Lender-icon-1.png]
[wfgtitle.com/wp-content/uploads/2020/05/WFG_Rate_Calculator_preview.png]
[wfgtitle.com/wp-content/uploads/2021/08/MyHome-MTD-web-logo.png]
[wfgtitle.com/wp-content/uploads/2020/05/FETCH-social-template-FB-sample.jpg]
[wfgtitle.com/wp-content/uploads/2020/04/Updater-logo.jpg]
[wfgtitle.com/wp-content/uploads/2020/05/iStock-1177384544.jpg]
[wfgtitle.com/wp-content/plugins/wfg-blocks/src/assets/images/my-home-main-background-hover.png]
[wfgtitle.com/wp-content/plugins/wfg-blocks/src/assets/images/my-home-logo-hover.png]
[wfgtitle.com/wp-content/uploads/2019/11/Pat-Stone-2018-square.png]
[wfgtitle.com/wp-content/uploads/2019/11/Untitled-design-7.png]
[wfgtitle.com/wp-content/uploads/2019/11/Hilda-Castillo.png]
[wfgtitle.com/wp-content/uploads/2019/11/Chastity2-e1604595686583.png]
[scontent-atl3-2.xx.fbcdn.net/v/t39.30808-6/339925669_908798410353439_5528777756878407667_nf27e.jpg]
[scontent-atl3-1.xx.fbcdn.net/v/t15.5256-10/325382322_246368744492714_656506208321508626_n62a1.jpg]
[scontent-atl3-1.xx.fbcdn.net/v/t39.30808-6/339131693_1208472216454103_1307688193645941560_n6b32.png]
[scontent-atl3-1.xx.fbcdn.net/v/t39.30808-6/336524430_260975762939481_6734862809726387156_n60af.png]
[wfgtitle.com/wp-content/uploads/2022/11/MBANOW-pic-10-26-2020-1-scaled.jpg]
[wfgtitle.com/wp-content/plugins/autoptimize/classes/external/js/lazysizes.min7edb.js]
[wfgtitle.com/wp-includes/js/dist/vendor/regenerator-runtime.minb36a.js]
[wfgtitle.com/wp-includes/js/dist/vendor/wp-polyfill.min2c7c.js]
[wfgtitle.com/wp-includes/js/dist/dom-ready.min7354.js]
[wfgtitle.com/wp-includes/js/dist/hooks.mine16b.js]
[wfgtitle.com/wp-includes/js/dist/i18n.min71a7.js]
[wfgtitle.com/wp-includes/js/dist/a11y.minac6e.js]
[www.google.com/recaptcha/api3430.js]
[wfgtitle.com/pleasanton-branch/index.html]
[wfgtitle.com/wp-content/cache/autoptimize/css/autoptimize_322e08d8fcaf76231d0747a2dd2e232f.css]
[wfgtitle.com/wp-content/cache/autoptimize/js/autoptimize_d16d976b4ed6a81bac124b644b5cf1cd.js]
[connect.facebook.net/en_US/fbevents.js]
[www.googletagmanager.com/gtm5445.html]
[wfgtitle.com/pleasanton-branch/POST.html]
